// Jest Snapshot v1, https://goo.gl/fbAQLP

exports[`AceTextualRulerComponent Should render when given default props. 1`] = `
<div
  onMouseEnter={[Function]}
  onMouseLeave={[Function]}
>
  <div
    id="ace-msa-editor"
  />
</div>
`;
