// Jest Snapshot v1, https://goo.gl/fbAQLP

exports[`AceConsensusSequenceComponent Should render when given default props 1`] = `
<div
  onMouseEnter={[Function]}
  onMouseLeave={[Function]}
>
  <div
    id="test-id"
  />
</div>
`;
