// Jest Snapshot v1, https://goo.gl/fbAQLP

exports[`AceEditorComponent Should render 1`] = `<div />`;
