// Jest Snapshot v1, https://goo.gl/fbAQLP

exports[`FileInputComponent Should render with no props. 1`] = `
<label>
  <strong>
    Upload:
  </strong>
  <input
    id="files"
    onInput={[Function]}
    type="file"
  />
</label>
`;
