// Jest Snapshot v1, https://goo.gl/fbAQLP

exports[`SequenceBarplotComponent Should render when given default props. 1`] = `
<div
  className="barplot"
>
  <ReactTooltip
    border={true}
    clickable={false}
    effect="solid"
    getContent={[Function]}
    id="getBarTooltip-10000000-1000-4000-8000-100000000000"
    insecure={true}
    resizeHide={true}
    type="light"
    wrapper="div"
  />
  <svg
    onMouseEnter={[Function]}
    onMouseLeave={[Function]}
    preserveAspectRatio="none"
    style={
      Object {
        "height": "100px",
        "width": NaN,
      }
    }
    viewBox="0 0 NaN 100"
    xmlns="http://www.w3.org/2000/svg"
  />
</div>
`;
